current directory: /Users/zhongsheng/workspace/kingdee_api/vendor/bundle/ruby/3.4.0/gems/date-3.5.0/ext/date
/Users/zhongsheng/.local/share/mise/installs/ruby/3.4.5/bin/ruby extconf.rb
checking for rb_category_warn()... yes
checking for timezone in time.h with -Werror... yes
checking for altzone in time.h with -Werror... no
creating Makefile

current directory: /Users/zhongsheng/workspace/kingdee_api/vendor/bundle/ruby/3.4.0/gems/date-3.5.0/ext/date
make DESTDIR\= sitearchdir\=./.gem.20251107-33866-4glxsg sitelibdir\=./.gem.20251107-33866-4glxsg clean

current directory: /Users/zhongsheng/workspace/kingdee_api/vendor/bundle/ruby/3.4.0/gems/date-3.5.0/ext/date
make DESTDIR\= sitearchdir\=./.gem.20251107-33866-4glxsg sitelibdir\=./.gem.20251107-33866-4glxsg
compiling date_core.c
compiling date_parse.c
compiling date_strftime.c
compiling date_strptime.c
linking shared-object date_core.bundle

current directory: /Users/zhongsheng/workspace/kingdee_api/vendor/bundle/ruby/3.4.0/gems/date-3.5.0/ext/date
make DESTDIR\= sitearchdir\=./.gem.20251107-33866-4glxsg sitelibdir\=./.gem.20251107-33866-4glxsg install
/opt/homebrew/bin/ginstall -c -m 0755 date_core.bundle ./.gem.20251107-33866-4glxsg

current directory: /Users/zhongsheng/workspace/kingdee_api/vendor/bundle/ruby/3.4.0/gems/date-3.5.0/ext/date
make DESTDIR\= sitearchdir\=./.gem.20251107-33866-4glxsg sitelibdir\=./.gem.20251107-33866-4glxsg clean
