current directory: /Users/zhongsheng/workspace/kingdee_api/vendor/bundle/ruby/3.4.0/gems/prism-1.6.0/ext/prism
/Users/zhongsheng/.local/share/mise/installs/ruby/3.4.5/bin/ruby extconf.rb
checking for prism.h in /Users/zhongsheng/workspace/kingdee_api/vendor/bundle/ruby/3.4.0/gems/prism-1.6.0/include... yes
checking for prism/extension.h in /Users/zhongsheng/workspace/kingdee_api/vendor/bundle/ruby/3.4.0/gems/prism-1.6.0/ext... yes
checking for whether -fvisibility=hidden is accepted as CFLAGS... yes
creating Makefile

current directory: /Users/zhongsheng/workspace/kingdee_api/vendor/bundle/ruby/3.4.0/gems/prism-1.6.0/ext/prism
make DESTDIR\= sitearchdir\=./.gem.20251107-37897-nrvk7k sitelibdir\=./.gem.20251107-37897-nrvk7k clean

current directory: /Users/zhongsheng/workspace/kingdee_api/vendor/bundle/ruby/3.4.0/gems/prism-1.6.0/ext/prism
make DESTDIR\= sitearchdir\=./.gem.20251107-37897-nrvk7k sitelibdir\=./.gem.20251107-37897-nrvk7k
compiling api_node.c
compiling api_pack.c
compiling extension.c
compiling ./../../src/diagnostic.c
compiling ./../../src/encoding.c
compiling ./../../src/node.c
compiling ./../../src/options.c
compiling ./../../src/pack.c
compiling ./../../src/prettyprint.c
compiling ./../../src/prism.c
compiling ./../../src/regexp.c
compiling ./../../src/serialize.c
compiling ./../../src/static_literals.c
compiling ./../../src/token_type.c
compiling ./../../src/util/pm_buffer.c
compiling ./../../src/util/pm_char.c
compiling ./../../src/util/pm_constant_pool.c
compiling ./../../src/util/pm_integer.c
compiling ./../../src/util/pm_list.c
compiling ./../../src/util/pm_memchr.c
compiling ./../../src/util/pm_newline_list.c
compiling ./../../src/util/pm_string.c
compiling ./../../src/util/pm_strncasecmp.c
compiling ./../../src/util/pm_strpbrk.c
linking shared-object prism/prism.bundle

current directory: /Users/zhongsheng/workspace/kingdee_api/vendor/bundle/ruby/3.4.0/gems/prism-1.6.0/ext/prism
make DESTDIR\= sitearchdir\=./.gem.20251107-37897-nrvk7k sitelibdir\=./.gem.20251107-37897-nrvk7k install
/opt/homebrew/bin/ginstall -c -m 0755 prism.bundle ./.gem.20251107-37897-nrvk7k/prism

current directory: /Users/zhongsheng/workspace/kingdee_api/vendor/bundle/ruby/3.4.0/gems/prism-1.6.0/ext/prism
make DESTDIR\= sitearchdir\=./.gem.20251107-37897-nrvk7k sitelibdir\=./.gem.20251107-37897-nrvk7k clean
