current directory: /Users/zhongsheng/workspace/kingdee_api/vendor/bundle/ruby/3.4.0/gems/rbs-3.9.5/ext/rbs_extension
/Users/zhongsheng/.local/share/mise/installs/ruby/3.4.5/bin/ruby extconf.rb
checking for whether -std=gnu99 is accepted as CFLAGS... yes
creating Makefile

current directory: /Users/zhongsheng/workspace/kingdee_api/vendor/bundle/ruby/3.4.0/gems/rbs-3.9.5/ext/rbs_extension
make DESTDIR\= sitearchdir\=./.gem.20251107-37897-t9x60p sitelibdir\=./.gem.20251107-37897-t9x60p clean

current directory: /Users/zhongsheng/workspace/kingdee_api/vendor/bundle/ruby/3.4.0/gems/rbs-3.9.5/ext/rbs_extension
make DESTDIR\= sitearchdir\=./.gem.20251107-37897-t9x60p sitelibdir\=./.gem.20251107-37897-t9x60p
compiling ./../../src/constants.c
compiling ./../../src/ruby_objs.c
compiling ./../../src/util/rbs_constant_pool.c
compiling lexer.c
compiling lexstate.c
compiling location.c
compiling main.c
compiling parser.c
compiling parserstate.c
compiling unescape.c
linking shared-object rbs_extension.bundle

current directory: /Users/zhongsheng/workspace/kingdee_api/vendor/bundle/ruby/3.4.0/gems/rbs-3.9.5/ext/rbs_extension
make DESTDIR\= sitearchdir\=./.gem.20251107-37897-t9x60p sitelibdir\=./.gem.20251107-37897-t9x60p install
/opt/homebrew/bin/ginstall -c -m 0755 rbs_extension.bundle ./.gem.20251107-37897-t9x60p

current directory: /Users/zhongsheng/workspace/kingdee_api/vendor/bundle/ruby/3.4.0/gems/rbs-3.9.5/ext/rbs_extension
make DESTDIR\= sitearchdir\=./.gem.20251107-37897-t9x60p sitelibdir\=./.gem.20251107-37897-t9x60p clean
